// Jest Snapshot v1, https://goo.gl/fbAQLP

exports[`Coordinator Detail Container renders correctly 1`] = `
<Styled(Container)>
  <Loading />
</Styled(Container)>
`;
