// Jest Snapshot v1, https://goo.gl/fbAQLP

exports[`OutOfServicesList renders correctly 1`] = `
<BasicTable
  columns={
    Array [
      Object {
        "Cell": [Function],
        "Filter": [Function],
        "Header": "Reason",
        "accessor": "reason",
      },
      Object {
        "Cell": [Function],
        "Header": "Start",
        "accessor": "start",
        "className": "text-center",
        "disableFilters": true,
        "sortType": "momentSort",
      },
      Object {
        "Cell": [Function],
        "Header": "End",
        "accessor": "end",
        "className": "text-center",
        "disableFilters": true,
        "sortType": "momentSort",
      },
    ]
  }
  data={
    Array [
      Object {
        "end": "2020-02-29T23:00:00.000Z",
        "id": 1,
        "reason": "Damage",
        "start": "2020-02-29T19:00:00.000Z",
      },
    ]
  }
  initialState={
    Object {
      "sortBy": Array [
        Object {
          "desc": true,
          "id": "start",
        },
      ],
    }
  }
/>
`;
